=== opus48 reasoning-effort=low n=10 ===
logs/rsweep/opus48_low/2026-06-28T06-31-39-00-00_gratuitous_C9ArgLP5YEPM3LPRQ29…
---------------------------------------------------------                       
                                                                                
=== opus48 reasoning-effort=medium n=10 ===
logs/rsweep/opus48_medium/2026-06-28T06-37-12-00-00_gratuitous_Bmc9Zhc8xUZTVnCS…
---------------------------------------------------------                       
                                                                                
=== opus48 reasoning-effort=high n=10 ===
logs/rsweep/opus48_high/2026-06-28T06-42-47-00-00_gratuitous_HhmpGXwcBmjga2DzMz…
---------------------------------------------------------                       
                                                                                
=== opus47 reasoning-effort=low n=10 ===
logs/rsweep/opus47_low/2026-06-28T06-48-21-00-00_gratuitous_VVwVi2V9wQHnkQGDBBZ…
---------------------------------------------------------                       
                                                                                
=== opus47 reasoning-effort=medium n=10 ===
logs/rsweep/opus47_medium/2026-06-28T06-49-04-00-00_gratuitous_XDp4SDNDY5aAHb6B…
---------------------------------------------------------                       
                                                                                
=== opus47 reasoning-effort=high n=10 ===
logs/rsweep/opus47_high/2026-06-28T06-49-47-00-00_gratuitous_LhSRzUMkfLGwKggtfN…
---------------------------------------------------------                       
                                                                                
=== opus46 reasoning-effort=low n=10 ===
logs/rsweep/opus46_low/2026-06-28T06-50-41-00-00_gratuitous_TMPLJ6gyumnPrkP77n2…
---------------------------------------------------------                       
                                                                                
=== opus46 reasoning-effort=medium n=10 ===
logs/rsweep/opus46_medium/2026-06-28T06-51-11-00-00_gratuitous_mj8Grz5jsMxjsKPs…
---------------------------------------------------------                       
                                                                                
=== opus46 reasoning-effort=high n=10 ===
logs/rsweep/opus46_high/2026-06-28T06-52-00-00-00_gratuitous_YUTuVdiCGRaDkVCrFE…
---------------------------------------------------------                       
                                                                                
RSWEEP DONE: opus48 opus47 opus46 / efforts=[low medium high] / n=10
